// Jest Snapshot v1, https://goo.gl/fbAQLP

exports[`Se crea correctamente el componente <GifExpertApp /> Deber√≠a generar correctamente el componente 1`] = `
<Fragment>
  <h2>
    GifExpertApp
  </h2>
  <AddCategory
    setCategories={[Function]}
  />
  <hr />
  <ol>
    <GifGrid
      category="Chanfle"
      key="Chanfle"
    />
  </ol>
</Fragment>
`;
